main.c:250:6:NMI_Handler	4	static
main.c:255:5:main	8	static
main.c:275:6:idle_task	4	static
main.c:281:6:task1_handler	8	static
main.c:292:6:task2_handler	8	static
main.c:303:6:task3_handler	8	static
main.c:314:6:task4_handler	8	static
main.c:325:6:init_systick_timer	32	static
main.c:348:29:init_scheduler_stack	0	static,ignoring_inline_asm
main.c:355:6:init_tasks_stack	24	static
main.c:402:6:enable_processor_faults	16	static
main.c:411:10:get_psp_value	4	static
main.c:416:6:save_psp_value	16	static
main.c:421:6:update_next_task	16	static
main.c:438:29:switch_sp_to_psp	0	static,ignoring_inline_asm
main.c:453:6:schedule	16	static
main.c:460:6:task_delay	16	static,ignoring_inline_asm
main.c:478:29:PendSV_Handler	0	static,ignoring_inline_asm
main.c:514:6:update_global_tick_count	4	static
main.c:519:6:unblock_tasks	16	static
main.c:533:6:SysTick_Handler	16	static
main.c:546:6:HardFault_Handler	8	static
main.c:552:6:MemManage_Handler	8	static
main.c:558:6:BusFault_Handler	8	static
